// Jest Snapshot v1, https://goo.gl/fbAQLP

exports[`Theme Render Styled component 1`] = `
.c0 {
  color: #333;
  border: 1px solid green;
}

<html>
  <head>
    <style
      data-styled="active"
      data-styled-version="5.2.1"
    >
      .c0{color:#333;border:1px solid green;}
    </style>
  </head>
  <body>
    <div>
      <div
        class="c0"
      >
        Text 
      </div>
    </div>
  </body>
</html>
`;

exports[`Theme Render Styled component 2`] = `
<div
  class="sc-bdfBwQ ckmapu"
>
  Text 
</div>
`;
